{"__type":"$$EventMessageAudit","id":"714e7c60-78e3-4f97-bfd1-073edabf31ff","ts":"2026-03-28T20:40:04.292+06:00","eventName":"n8n.audit.workflow.created","message":"n8n.audit.workflow.created","payload":{"userId":"4b5609c6-d785-4504-851a-2ea1eacf4e11","_email":"asif.kravmaga@gmail.com","_firstName":"Asif","_lastName":"Newaz","globalRole":"global:owner","workflowId":"HXotI9xUFtXn6sbx","workflowName":"My workflow"}}
{"__type":"$$EventMessageConfirm","confirm":"714e7c60-78e3-4f97-bfd1-073edabf31ff","ts":"2026-03-31T01:03:59.566+06:00","source":{"id":"0","name":"eventBus"}}
{"__type":"$$EventMessageAudit","id":"99bd875f-2708-4c17-9b81-3f53ff2c3cd8","ts":"2026-03-28T20:40:38.917+06:00","eventName":"n8n.audit.workflow.updated","message":"n8n.audit.workflow.updated","payload":{"userId":"4b5609c6-d785-4504-851a-2ea1eacf4e11","_email":"asif.kravmaga@gmail.com","_firstName":"Asif","_lastName":"Newaz","globalRole":"global:owner","workflowId":"HXotI9xUFtXn6sbx","workflowName":"My workflow"}}
{"__type":"$$EventMessageConfirm","confirm":"99bd875f-2708-4c17-9b81-3f53ff2c3cd8","ts":"2026-03-31T01:03:59.566+06:00","source":{"id":"0","name":"eventBus"}}
{"__type":"$$EventMessageAudit","id":"10d6f40f-ed39-48db-8c06-a98c7c30d615","ts":"2026-03-28T20:40:46.830+06:00","eventName":"n8n.audit.workflow.updated","message":"n8n.audit.workflow.updated","payload":{"userId":"4b5609c6-d785-4504-851a-2ea1eacf4e11","_email":"asif.kravmaga@gmail.com","_firstName":"Asif","_lastName":"Newaz","globalRole":"global:owner","workflowId":"HXotI9xUFtXn6sbx","workflowName":"My workflow"}}
{"__type":"$$EventMessageConfirm","confirm":"10d6f40f-ed39-48db-8c06-a98c7c30d615","ts":"2026-03-31T01:03:59.566+06:00","source":{"id":"0","name":"eventBus"}}
{"__type":"$$EventMessageWorkflow","id":"51a75759-88e6-400c-9858-6bda81f2d850","ts":"2026-03-28T20:40:54.722+06:00","eventName":"n8n.workflow.started","message":"n8n.workflow.started","payload":{"executionId":"1","workflowId":"HXotI9xUFtXn6sbx","isManual":false,"mode":"manual","workflowName":"My workflow"}}
{"__type":"$$EventMessageConfirm","confirm":"51a75759-88e6-400c-9858-6bda81f2d850","ts":"2026-03-31T01:03:59.566+06:00","source":{"id":"0","name":"eventBus"}}
{"__type":"$$EventMessageAudit","id":"e7dd5887-ba9e-417c-9d46-c48eac82a691","ts":"2026-03-28T20:40:54.722+06:00","eventName":"n8n.audit.workflow.executed","message":"n8n.audit.workflow.executed","payload":{"userId":"4b5609c6-d785-4504-851a-2ea1eacf4e11","_email":"asif.kravmaga@gmail.com","_firstName":"Asif","_lastName":"Newaz","globalRole":"global:owner","workflowId":"HXotI9xUFtXn6sbx","workflowName":"My workflow","executionId":"1","source":"user-manual"}}
{"__type":"$$EventMessageConfirm","confirm":"e7dd5887-ba9e-417c-9d46-c48eac82a691","ts":"2026-03-31T01:03:59.566+06:00","source":{"id":"0","name":"eventBus"}}
{"__type":"$$EventMessageNode","id":"be922d83-6718-49a9-8e6e-8714390b36d3","ts":"2026-03-28T20:40:54.723+06:00","eventName":"n8n.node.started","message":"n8n.node.started","payload":{"workflowId":"HXotI9xUFtXn6sbx","workflowName":"My workflow","executionId":"1","nodeType":"n8n-nodes-base.scheduleTrigger","nodeName":"Schedule Trigger","nodeId":"cbca98f0-c61f-4aa4-b542-3531b26fc172"}}
{"__type":"$$EventMessageConfirm","confirm":"be922d83-6718-49a9-8e6e-8714390b36d3","ts":"2026-03-31T01:03:59.566+06:00","source":{"id":"0","name":"eventBus"}}
{"__type":"$$EventMessageNode","id":"3b6d25ab-ccd0-4e00-8576-d742ed31619f","ts":"2026-03-28T20:40:54.731+06:00","eventName":"n8n.node.finished","message":"n8n.node.finished","payload":{"workflowId":"HXotI9xUFtXn6sbx","workflowName":"My workflow","executionId":"1","nodeType":"n8n-nodes-base.scheduleTrigger","nodeName":"Schedule Trigger","nodeId":"cbca98f0-c61f-4aa4-b542-3531b26fc172"}}
{"__type":"$$EventMessageConfirm","confirm":"3b6d25ab-ccd0-4e00-8576-d742ed31619f","ts":"2026-03-31T01:03:59.566+06:00","source":{"id":"0","name":"eventBus"}}
{"__type":"$$EventMessageWorkflow","id":"08ed8449-4110-4b23-b9b0-fe79f2d51a1a","ts":"2026-03-28T20:40:54.733+06:00","eventName":"n8n.workflow.success","message":"n8n.workflow.success","payload":{"userId":"4b5609c6-d785-4504-851a-2ea1eacf4e11","executionId":"1","success":true,"isManual":true,"mode":"manual","workflowId":"HXotI9xUFtXn6sbx","workflowName":"My workflow"}}
{"__type":"$$EventMessageConfirm","confirm":"08ed8449-4110-4b23-b9b0-fe79f2d51a1a","ts":"2026-03-31T01:03:59.566+06:00","source":{"id":"0","name":"eventBus"}}
{"__type":"$$EventMessageAudit","id":"13475c2e-c18e-4741-9180-8fdabe5f98de","ts":"2026-03-28T20:41:09.485+06:00","eventName":"n8n.audit.workflow.updated","message":"n8n.audit.workflow.updated","payload":{"userId":"4b5609c6-d785-4504-851a-2ea1eacf4e11","_email":"asif.kravmaga@gmail.com","_firstName":"Asif","_lastName":"Newaz","globalRole":"global:owner","workflowId":"HXotI9xUFtXn6sbx","workflowName":"My workflow"}}
{"__type":"$$EventMessageConfirm","confirm":"13475c2e-c18e-4741-9180-8fdabe5f98de","ts":"2026-03-31T01:03:59.566+06:00","source":{"id":"0","name":"eventBus"}}
{"__type":"$$EventMessageAudit","id":"89aa3f65-b7f5-4be2-af34-f4242c3d4179","ts":"2026-03-28T20:41:47.009+06:00","eventName":"n8n.audit.workflow.updated","message":"n8n.audit.workflow.updated","payload":{"userId":"4b5609c6-d785-4504-851a-2ea1eacf4e11","_email":"asif.kravmaga@gmail.com","_firstName":"Asif","_lastName":"Newaz","globalRole":"global:owner","workflowId":"HXotI9xUFtXn6sbx","workflowName":"My workflow"}}
{"__type":"$$EventMessageConfirm","confirm":"89aa3f65-b7f5-4be2-af34-f4242c3d4179","ts":"2026-03-31T01:03:59.566+06:00","source":{"id":"0","name":"eventBus"}}
{"__type":"$$EventMessageAudit","id":"c44168f9-a2f3-46f6-9ecd-d3531921e8c3","ts":"2026-03-28T20:41:51.478+06:00","eventName":"n8n.audit.workflow.updated","message":"n8n.audit.workflow.updated","payload":{"userId":"4b5609c6-d785-4504-851a-2ea1eacf4e11","_email":"asif.kravmaga@gmail.com","_firstName":"Asif","_lastName":"Newaz","globalRole":"global:owner","workflowId":"HXotI9xUFtXn6sbx","workflowName":"My workflow"}}
{"__type":"$$EventMessageConfirm","confirm":"c44168f9-a2f3-46f6-9ecd-d3531921e8c3","ts":"2026-03-31T01:03:59.566+06:00","source":{"id":"0","name":"eventBus"}}
{"__type":"$$EventMessageAudit","id":"fb6e60e5-0655-44d7-9fab-a5dad96a2ea6","ts":"2026-03-28T20:41:54.249+06:00","eventName":"n8n.audit.workflow.updated","message":"n8n.audit.workflow.updated","payload":{"userId":"4b5609c6-d785-4504-851a-2ea1eacf4e11","_email":"asif.kravmaga@gmail.com","_firstName":"Asif","_lastName":"Newaz","globalRole":"global:owner","workflowId":"HXotI9xUFtXn6sbx","workflowName":"My workflow"}}
{"__type":"$$EventMessageConfirm","confirm":"fb6e60e5-0655-44d7-9fab-a5dad96a2ea6","ts":"2026-03-31T01:03:59.566+06:00","source":{"id":"0","name":"eventBus"}}
{"__type":"$$EventMessageAudit","id":"a52d3519-2ab0-45ef-a773-7024a0bfdd59","ts":"2026-03-28T20:41:56.477+06:00","eventName":"n8n.audit.workflow.updated","message":"n8n.audit.workflow.updated","payload":{"userId":"4b5609c6-d785-4504-851a-2ea1eacf4e11","_email":"asif.kravmaga@gmail.com","_firstName":"Asif","_lastName":"Newaz","globalRole":"global:owner","workflowId":"HXotI9xUFtXn6sbx","workflowName":"My workflow"}}
{"__type":"$$EventMessageConfirm","confirm":"a52d3519-2ab0-45ef-a773-7024a0bfdd59","ts":"2026-03-31T01:03:59.566+06:00","source":{"id":"0","name":"eventBus"}}
{"__type":"$$EventMessageAudit","id":"dd41e418-95e6-4779-83e5-ba56e801d469","ts":"2026-03-28T20:56:29.600+06:00","eventName":"n8n.audit.workflow.updated","message":"n8n.audit.workflow.updated","payload":{"userId":"4b5609c6-d785-4504-851a-2ea1eacf4e11","_email":"asif.kravmaga@gmail.com","_firstName":"Asif","_lastName":"Newaz","globalRole":"global:owner","workflowId":"HXotI9xUFtXn6sbx","workflowName":"My workflow"}}
{"__type":"$$EventMessageConfirm","confirm":"dd41e418-95e6-4779-83e5-ba56e801d469","ts":"2026-03-31T01:03:59.566+06:00","source":{"id":"0","name":"eventBus"}}
{"__type":"$$EventMessageWorkflow","id":"37fc4734-5642-4679-b3d1-7e5742ff630d","ts":"2026-03-28T20:56:31.947+06:00","eventName":"n8n.workflow.started","message":"n8n.workflow.started","payload":{"executionId":"2","workflowId":"HXotI9xUFtXn6sbx","isManual":false,"mode":"manual","workflowName":"My workflow"}}
{"__type":"$$EventMessageConfirm","confirm":"37fc4734-5642-4679-b3d1-7e5742ff630d","ts":"2026-03-31T01:03:59.566+06:00","source":{"id":"0","name":"eventBus"}}
{"__type":"$$EventMessageAudit","id":"554f3996-cac1-43fe-8875-4b2664ad4835","ts":"2026-03-28T20:56:31.947+06:00","eventName":"n8n.audit.workflow.executed","message":"n8n.audit.workflow.executed","payload":{"userId":"4b5609c6-d785-4504-851a-2ea1eacf4e11","_email":"asif.kravmaga@gmail.com","_firstName":"Asif","_lastName":"Newaz","globalRole":"global:owner","workflowId":"HXotI9xUFtXn6sbx","workflowName":"My workflow","executionId":"2","source":"user-manual"}}
{"__type":"$$EventMessageConfirm","confirm":"554f3996-cac1-43fe-8875-4b2664ad4835","ts":"2026-03-31T01:03:59.566+06:00","source":{"id":"0","name":"eventBus"}}
{"__type":"$$EventMessageNode","id":"0f8f52c5-acfc-424f-8cd8-8da69bcdd6e4","ts":"2026-03-28T20:56:31.948+06:00","eventName":"n8n.node.started","message":"n8n.node.started","payload":{"workflowId":"HXotI9xUFtXn6sbx","workflowName":"My workflow","executionId":"2","nodeType":"n8n-nodes-base.rssFeedRead","nodeName":"RSS Read","nodeId":"0060bf9a-b8ae-472b-8805-1d517781a4e4"}}
{"__type":"$$EventMessageConfirm","confirm":"0f8f52c5-acfc-424f-8cd8-8da69bcdd6e4","ts":"2026-03-31T01:03:59.566+06:00","source":{"id":"0","name":"eventBus"}}
{"__type":"$$EventMessageNode","id":"e46a0289-652e-41a9-83b2-5067b4d43004","ts":"2026-03-28T20:56:31.999+06:00","eventName":"n8n.node.finished","message":"n8n.node.finished","payload":{"workflowId":"HXotI9xUFtXn6sbx","workflowName":"My workflow","executionId":"2","nodeType":"n8n-nodes-base.rssFeedRead","nodeName":"RSS Read","nodeId":"0060bf9a-b8ae-472b-8805-1d517781a4e4"}}
{"__type":"$$EventMessageConfirm","confirm":"e46a0289-652e-41a9-83b2-5067b4d43004","ts":"2026-03-31T01:03:59.566+06:00","source":{"id":"0","name":"eventBus"}}
{"__type":"$$EventMessageWorkflow","id":"d098e8a5-825a-4121-a091-8055615ebc33","ts":"2026-03-28T20:56:32.000+06:00","eventName":"n8n.workflow.success","message":"n8n.workflow.success","payload":{"userId":"4b5609c6-d785-4504-851a-2ea1eacf4e11","executionId":"2","success":true,"isManual":true,"mode":"manual","workflowId":"HXotI9xUFtXn6sbx","workflowName":"My workflow"}}
{"__type":"$$EventMessageConfirm","confirm":"d098e8a5-825a-4121-a091-8055615ebc33","ts":"2026-03-31T01:03:59.567+06:00","source":{"id":"0","name":"eventBus"}}
{"__type":"$$EventMessageAudit","id":"0965a961-dc3d-43c3-b0b7-c6c61235bd5e","ts":"2026-03-28T20:57:13.917+06:00","eventName":"n8n.audit.workflow.updated","message":"n8n.audit.workflow.updated","payload":{"userId":"4b5609c6-d785-4504-851a-2ea1eacf4e11","_email":"asif.kravmaga@gmail.com","_firstName":"Asif","_lastName":"Newaz","globalRole":"global:owner","workflowId":"HXotI9xUFtXn6sbx","workflowName":"My workflow"}}
{"__type":"$$EventMessageConfirm","confirm":"0965a961-dc3d-43c3-b0b7-c6c61235bd5e","ts":"2026-03-31T01:03:59.567+06:00","source":{"id":"0","name":"eventBus"}}
{"__type":"$$EventMessageAudit","id":"4fc65080-0bc8-47cd-9300-d21db1462929","ts":"2026-03-28T20:58:09.357+06:00","eventName":"n8n.audit.workflow.updated","message":"n8n.audit.workflow.updated","payload":{"userId":"4b5609c6-d785-4504-851a-2ea1eacf4e11","_email":"asif.kravmaga@gmail.com","_firstName":"Asif","_lastName":"Newaz","globalRole":"global:owner","workflowId":"HXotI9xUFtXn6sbx","workflowName":"My workflow"}}
{"__type":"$$EventMessageConfirm","confirm":"4fc65080-0bc8-47cd-9300-d21db1462929","ts":"2026-03-31T01:03:59.567+06:00","source":{"id":"0","name":"eventBus"}}
{"__type":"$$EventMessageAudit","id":"36acb409-8df1-4a4e-9998-1ed9aece7142","ts":"2026-03-28T20:58:44.471+06:00","eventName":"n8n.audit.workflow.updated","message":"n8n.audit.workflow.updated","payload":{"userId":"4b5609c6-d785-4504-851a-2ea1eacf4e11","_email":"asif.kravmaga@gmail.com","_firstName":"Asif","_lastName":"Newaz","globalRole":"global:owner","workflowId":"HXotI9xUFtXn6sbx","workflowName":"My workflow"}}
{"__type":"$$EventMessageConfirm","confirm":"36acb409-8df1-4a4e-9998-1ed9aece7142","ts":"2026-03-31T01:03:59.567+06:00","source":{"id":"0","name":"eventBus"}}
{"__type":"$$EventMessageAudit","id":"d5d88a2c-a3c8-40ee-ada3-96b3b273d440","ts":"2026-03-29T02:51:20.742+06:00","eventName":"n8n.audit.user.credentials.created","message":"n8n.audit.user.credentials.created","payload":{"userId":"4b5609c6-d785-4504-851a-2ea1eacf4e11","_email":"asif.kravmaga@gmail.com","_firstName":"Asif","_lastName":"Newaz","globalRole":"global:owner","credentialType":"discordWebhookApi","credentialId":"1mGjUyj3mMZfiJcH","publicApi":false,"projectId":"2rpe1q6asPsZHDY1","projectType":"personal","isDynamic":false}}
{"__type":"$$EventMessageConfirm","confirm":"d5d88a2c-a3c8-40ee-ada3-96b3b273d440","ts":"2026-03-31T01:03:59.567+06:00","source":{"id":"0","name":"eventBus"}}
{"__type":"$$EventMessageAudit","id":"1571c526-435e-4ee5-aba3-f2d78ac86da6","ts":"2026-03-29T02:51:22.898+06:00","eventName":"n8n.audit.workflow.updated","message":"n8n.audit.workflow.updated","payload":{"userId":"4b5609c6-d785-4504-851a-2ea1eacf4e11","_email":"asif.kravmaga@gmail.com","_firstName":"Asif","_lastName":"Newaz","globalRole":"global:owner","workflowId":"HXotI9xUFtXn6sbx","workflowName":"My workflow"}}
{"__type":"$$EventMessageConfirm","confirm":"1571c526-435e-4ee5-aba3-f2d78ac86da6","ts":"2026-03-31T01:03:59.567+06:00","source":{"id":"0","name":"eventBus"}}
{"__type":"$$EventMessageAudit","id":"be41d03c-c4d5-4b2c-a1bd-9305f18b50af","ts":"2026-03-29T02:51:46.508+06:00","eventName":"n8n.audit.workflow.updated","message":"n8n.audit.workflow.updated","payload":{"userId":"4b5609c6-d785-4504-851a-2ea1eacf4e11","_email":"asif.kravmaga@gmail.com","_firstName":"Asif","_lastName":"Newaz","globalRole":"global:owner","workflowId":"HXotI9xUFtXn6sbx","workflowName":"My workflow"}}
{"__type":"$$EventMessageConfirm","confirm":"be41d03c-c4d5-4b2c-a1bd-9305f18b50af","ts":"2026-03-31T01:03:59.567+06:00","source":{"id":"0","name":"eventBus"}}
{"__type":"$$EventMessageWorkflow","id":"c8a25a77-43e3-4c36-9ec2-57d50a88fb84","ts":"2026-03-29T02:51:48.712+06:00","eventName":"n8n.workflow.started","message":"n8n.workflow.started","payload":{"executionId":"3","workflowId":"HXotI9xUFtXn6sbx","isManual":false,"mode":"manual","workflowName":"My workflow"}}
{"__type":"$$EventMessageConfirm","confirm":"c8a25a77-43e3-4c36-9ec2-57d50a88fb84","ts":"2026-03-31T01:03:59.567+06:00","source":{"id":"0","name":"eventBus"}}
{"__type":"$$EventMessageAudit","id":"1df711d4-e096-418d-9df0-fc3220bd55c2","ts":"2026-03-29T02:51:48.713+06:00","eventName":"n8n.audit.workflow.executed","message":"n8n.audit.workflow.executed","payload":{"userId":"4b5609c6-d785-4504-851a-2ea1eacf4e11","_email":"asif.kravmaga@gmail.com","_firstName":"Asif","_lastName":"Newaz","globalRole":"global:owner","workflowId":"HXotI9xUFtXn6sbx","workflowName":"My workflow","executionId":"3","source":"user-manual"}}
{"__type":"$$EventMessageConfirm","confirm":"1df711d4-e096-418d-9df0-fc3220bd55c2","ts":"2026-03-31T01:03:59.567+06:00","source":{"id":"0","name":"eventBus"}}
{"__type":"$$EventMessageNode","id":"722a4c00-e18b-4c9d-a022-63369a0bb46a","ts":"2026-03-29T02:51:48.713+06:00","eventName":"n8n.node.started","message":"n8n.node.started","payload":{"workflowId":"HXotI9xUFtXn6sbx","workflowName":"My workflow","executionId":"3","nodeType":"n8n-nodes-base.manualTrigger","nodeName":"When clicking ‘Execute workflow’","nodeId":"84c30732-10f3-4e54-b691-85bb07d3b465"}}
{"__type":"$$EventMessageConfirm","confirm":"722a4c00-e18b-4c9d-a022-63369a0bb46a","ts":"2026-03-31T01:03:59.567+06:00","source":{"id":"0","name":"eventBus"}}
{"__type":"$$EventMessageNode","id":"9a73bf59-7d86-426d-8c36-75717eecf916","ts":"2026-03-29T02:51:48.714+06:00","eventName":"n8n.node.finished","message":"n8n.node.finished","payload":{"workflowId":"HXotI9xUFtXn6sbx","workflowName":"My workflow","executionId":"3","nodeType":"n8n-nodes-base.manualTrigger","nodeName":"When clicking ‘Execute workflow’","nodeId":"84c30732-10f3-4e54-b691-85bb07d3b465"}}
{"__type":"$$EventMessageConfirm","confirm":"9a73bf59-7d86-426d-8c36-75717eecf916","ts":"2026-03-31T01:03:59.567+06:00","source":{"id":"0","name":"eventBus"}}
{"__type":"$$EventMessageNode","id":"5b1be62f-bb5b-41dc-b2ea-49a96473ec76","ts":"2026-03-29T02:51:48.714+06:00","eventName":"n8n.node.started","message":"n8n.node.started","payload":{"workflowId":"HXotI9xUFtXn6sbx","workflowName":"My workflow","executionId":"3","nodeType":"n8n-nodes-base.rssFeedRead","nodeName":"RSS Read","nodeId":"0060bf9a-b8ae-472b-8805-1d517781a4e4"}}
{"__type":"$$EventMessageConfirm","confirm":"5b1be62f-bb5b-41dc-b2ea-49a96473ec76","ts":"2026-03-31T01:03:59.567+06:00","source":{"id":"0","name":"eventBus"}}
{"__type":"$$EventMessageNode","id":"e38be07e-412c-4c3e-b031-715f48e3d091","ts":"2026-03-29T02:51:49.893+06:00","eventName":"n8n.node.finished","message":"n8n.node.finished","payload":{"workflowId":"HXotI9xUFtXn6sbx","workflowName":"My workflow","executionId":"3","nodeType":"n8n-nodes-base.rssFeedRead","nodeName":"RSS Read","nodeId":"0060bf9a-b8ae-472b-8805-1d517781a4e4"}}
{"__type":"$$EventMessageConfirm","confirm":"e38be07e-412c-4c3e-b031-715f48e3d091","ts":"2026-03-31T01:03:59.567+06:00","source":{"id":"0","name":"eventBus"}}
{"__type":"$$EventMessageNode","id":"5fe09292-f423-4805-b95d-c07d4fb328ae","ts":"2026-03-29T02:51:49.894+06:00","eventName":"n8n.node.started","message":"n8n.node.started","payload":{"workflowId":"HXotI9xUFtXn6sbx","workflowName":"My workflow","executionId":"3","nodeType":"n8n-nodes-base.discord","nodeName":"Discord","nodeId":"a3e3bc19-45b0-4523-8e21-c7400be97991"}}
{"__type":"$$EventMessageConfirm","confirm":"5fe09292-f423-4805-b95d-c07d4fb328ae","ts":"2026-03-31T01:03:59.567+06:00","source":{"id":"0","name":"eventBus"}}
{"__type":"$$EventMessageNode","id":"a968959c-3f05-48ad-b414-a696c7b702d2","ts":"2026-03-29T02:52:00.262+06:00","eventName":"n8n.node.finished","message":"n8n.node.finished","payload":{"workflowId":"HXotI9xUFtXn6sbx","workflowName":"My workflow","executionId":"3","nodeType":"n8n-nodes-base.discord","nodeName":"Discord","nodeId":"a3e3bc19-45b0-4523-8e21-c7400be97991"}}
{"__type":"$$EventMessageConfirm","confirm":"a968959c-3f05-48ad-b414-a696c7b702d2","ts":"2026-03-31T01:03:59.567+06:00","source":{"id":"0","name":"eventBus"}}
{"__type":"$$EventMessageWorkflow","id":"284242db-b3b2-4250-94e4-7d259890e7d7","ts":"2026-03-29T02:52:00.263+06:00","eventName":"n8n.workflow.success","message":"n8n.workflow.success","payload":{"userId":"4b5609c6-d785-4504-851a-2ea1eacf4e11","executionId":"3","success":true,"isManual":true,"mode":"manual","workflowId":"HXotI9xUFtXn6sbx","workflowName":"My workflow"}}
{"__type":"$$EventMessageConfirm","confirm":"284242db-b3b2-4250-94e4-7d259890e7d7","ts":"2026-03-31T01:03:59.567+06:00","source":{"id":"0","name":"eventBus"}}
{"__type":"$$EventMessageAudit","id":"9d336ace-09e5-4a0e-8f09-ab439b75a99e","ts":"2026-03-29T02:53:12.121+06:00","eventName":"n8n.audit.workflow.updated","message":"n8n.audit.workflow.updated","payload":{"userId":"4b5609c6-d785-4504-851a-2ea1eacf4e11","_email":"asif.kravmaga@gmail.com","_firstName":"Asif","_lastName":"Newaz","globalRole":"global:owner","workflowId":"HXotI9xUFtXn6sbx","workflowName":"My workflow"}}
{"__type":"$$EventMessageConfirm","confirm":"9d336ace-09e5-4a0e-8f09-ab439b75a99e","ts":"2026-03-31T01:03:59.567+06:00","source":{"id":"0","name":"eventBus"}}
{"__type":"$$EventMessageAudit","id":"b90521cb-dfbd-4530-a25c-8de6e21c829b","ts":"2026-03-29T02:53:16.184+06:00","eventName":"n8n.audit.workflow.updated","message":"n8n.audit.workflow.updated","payload":{"userId":"4b5609c6-d785-4504-851a-2ea1eacf4e11","_email":"asif.kravmaga@gmail.com","_firstName":"Asif","_lastName":"Newaz","globalRole":"global:owner","workflowId":"HXotI9xUFtXn6sbx","workflowName":"My workflow"}}
{"__type":"$$EventMessageConfirm","confirm":"b90521cb-dfbd-4530-a25c-8de6e21c829b","ts":"2026-03-31T01:03:59.567+06:00","source":{"id":"0","name":"eventBus"}}
{"__type":"$$EventMessageAudit","id":"deb98f34-69cf-444a-8bff-78a785d1f051","ts":"2026-03-29T02:53:20.085+06:00","eventName":"n8n.audit.workflow.updated","message":"n8n.audit.workflow.updated","payload":{"userId":"4b5609c6-d785-4504-851a-2ea1eacf4e11","_email":"asif.kravmaga@gmail.com","_firstName":"Asif","_lastName":"Newaz","globalRole":"global:owner","workflowId":"HXotI9xUFtXn6sbx","workflowName":"My workflow"}}
{"__type":"$$EventMessageConfirm","confirm":"deb98f34-69cf-444a-8bff-78a785d1f051","ts":"2026-03-31T01:03:59.567+06:00","source":{"id":"0","name":"eventBus"}}
{"__type":"$$EventMessageAudit","id":"2fe80b32-fb52-4864-a064-ae8111b1d611","ts":"2026-03-29T02:53:34.916+06:00","eventName":"n8n.audit.workflow.updated","message":"n8n.audit.workflow.updated","payload":{"userId":"4b5609c6-d785-4504-851a-2ea1eacf4e11","_email":"asif.kravmaga@gmail.com","_firstName":"Asif","_lastName":"Newaz","globalRole":"global:owner","workflowId":"HXotI9xUFtXn6sbx","workflowName":"My workflow"}}
{"__type":"$$EventMessageConfirm","confirm":"2fe80b32-fb52-4864-a064-ae8111b1d611","ts":"2026-03-31T01:03:59.567+06:00","source":{"id":"0","name":"eventBus"}}
{"__type":"$$EventMessageAudit","id":"77612c27-bcc6-4346-bb17-094e0d27f710","ts":"2026-03-29T02:53:36.906+06:00","eventName":"n8n.audit.workflow.updated","message":"n8n.audit.workflow.updated","payload":{"userId":"4b5609c6-d785-4504-851a-2ea1eacf4e11","_email":"asif.kravmaga@gmail.com","_firstName":"Asif","_lastName":"Newaz","globalRole":"global:owner","workflowId":"HXotI9xUFtXn6sbx","workflowName":"My workflow"}}
{"__type":"$$EventMessageConfirm","confirm":"77612c27-bcc6-4346-bb17-094e0d27f710","ts":"2026-03-31T01:03:59.567+06:00","source":{"id":"0","name":"eventBus"}}
{"__type":"$$EventMessageAudit","id":"e69455d5-53c5-4306-8825-5723879b677b","ts":"2026-03-29T02:53:38.784+06:00","eventName":"n8n.audit.workflow.updated","message":"n8n.audit.workflow.updated","payload":{"userId":"4b5609c6-d785-4504-851a-2ea1eacf4e11","_email":"asif.kravmaga@gmail.com","_firstName":"Asif","_lastName":"Newaz","globalRole":"global:owner","workflowId":"HXotI9xUFtXn6sbx","workflowName":"My workflow"}}
{"__type":"$$EventMessageConfirm","confirm":"e69455d5-53c5-4306-8825-5723879b677b","ts":"2026-03-31T01:03:59.567+06:00","source":{"id":"0","name":"eventBus"}}
{"__type":"$$EventMessageAudit","id":"4101517e-1ebb-42df-896f-e54e90a3d84b","ts":"2026-03-29T02:53:45.857+06:00","eventName":"n8n.audit.workflow.updated","message":"n8n.audit.workflow.updated","payload":{"userId":"4b5609c6-d785-4504-851a-2ea1eacf4e11","_email":"asif.kravmaga@gmail.com","_firstName":"Asif","_lastName":"Newaz","globalRole":"global:owner","workflowId":"HXotI9xUFtXn6sbx","workflowName":"My workflow"}}
{"__type":"$$EventMessageConfirm","confirm":"4101517e-1ebb-42df-896f-e54e90a3d84b","ts":"2026-03-31T01:03:59.567+06:00","source":{"id":"0","name":"eventBus"}}
{"__type":"$$EventMessageAudit","id":"51be9dce-ac71-495c-afa0-168c4ceb8e9a","ts":"2026-03-29T02:53:48.431+06:00","eventName":"n8n.audit.workflow.updated","message":"n8n.audit.workflow.updated","payload":{"userId":"4b5609c6-d785-4504-851a-2ea1eacf4e11","_email":"asif.kravmaga@gmail.com","_firstName":"Asif","_lastName":"Newaz","globalRole":"global:owner","workflowId":"HXotI9xUFtXn6sbx","workflowName":"My workflow"}}
{"__type":"$$EventMessageConfirm","confirm":"51be9dce-ac71-495c-afa0-168c4ceb8e9a","ts":"2026-03-31T01:03:59.567+06:00","source":{"id":"0","name":"eventBus"}}
{"__type":"$$EventMessageAudit","id":"e1f567e6-7a6d-48fb-95bd-9ceb295b9d40","ts":"2026-03-29T02:53:52.714+06:00","eventName":"n8n.audit.workflow.updated","message":"n8n.audit.workflow.updated","payload":{"userId":"4b5609c6-d785-4504-851a-2ea1eacf4e11","_email":"asif.kravmaga@gmail.com","_firstName":"Asif","_lastName":"Newaz","globalRole":"global:owner","workflowId":"HXotI9xUFtXn6sbx","workflowName":"My workflow"}}
{"__type":"$$EventMessageConfirm","confirm":"e1f567e6-7a6d-48fb-95bd-9ceb295b9d40","ts":"2026-03-31T01:03:59.567+06:00","source":{"id":"0","name":"eventBus"}}
{"__type":"$$EventMessageAudit","id":"1ec87035-5fa5-43d0-9d11-3a1a8d1e9df2","ts":"2026-03-29T02:54:46.783+06:00","eventName":"n8n.audit.workflow.updated","message":"n8n.audit.workflow.updated","payload":{"userId":"4b5609c6-d785-4504-851a-2ea1eacf4e11","_email":"asif.kravmaga@gmail.com","_firstName":"Asif","_lastName":"Newaz","globalRole":"global:owner","workflowId":"HXotI9xUFtXn6sbx","workflowName":"My workflow"}}
{"__type":"$$EventMessageConfirm","confirm":"1ec87035-5fa5-43d0-9d11-3a1a8d1e9df2","ts":"2026-03-31T01:03:59.567+06:00","source":{"id":"0","name":"eventBus"}}
{"__type":"$$EventMessageAudit","id":"99f38893-e75d-40a5-a724-0b9c33450b39","ts":"2026-03-29T02:54:48.974+06:00","eventName":"n8n.audit.workflow.updated","message":"n8n.audit.workflow.updated","payload":{"userId":"4b5609c6-d785-4504-851a-2ea1eacf4e11","_email":"asif.kravmaga@gmail.com","_firstName":"Asif","_lastName":"Newaz","globalRole":"global:owner","workflowId":"HXotI9xUFtXn6sbx","workflowName":"My workflow"}}
{"__type":"$$EventMessageConfirm","confirm":"99f38893-e75d-40a5-a724-0b9c33450b39","ts":"2026-03-31T01:03:59.567+06:00","source":{"id":"0","name":"eventBus"}}
{"__type":"$$EventMessageAudit","id":"644419f7-adc1-4de6-9d8f-0f78e9610e33","ts":"2026-03-29T02:55:20.215+06:00","eventName":"n8n.audit.workflow.updated","message":"n8n.audit.workflow.updated","payload":{"userId":"4b5609c6-d785-4504-851a-2ea1eacf4e11","_email":"asif.kravmaga@gmail.com","_firstName":"Asif","_lastName":"Newaz","globalRole":"global:owner","workflowId":"HXotI9xUFtXn6sbx","workflowName":"My workflow"}}
{"__type":"$$EventMessageConfirm","confirm":"644419f7-adc1-4de6-9d8f-0f78e9610e33","ts":"2026-03-31T01:03:59.567+06:00","source":{"id":"0","name":"eventBus"}}
{"__type":"$$EventMessageWorkflow","id":"310eccef-4db3-4730-a6a7-ac6fc315ba8d","ts":"2026-03-29T02:55:28.079+06:00","eventName":"n8n.workflow.started","message":"n8n.workflow.started","payload":{"executionId":"4","workflowId":"HXotI9xUFtXn6sbx","isManual":false,"mode":"manual","workflowName":"My workflow"}}
{"__type":"$$EventMessageConfirm","confirm":"310eccef-4db3-4730-a6a7-ac6fc315ba8d","ts":"2026-03-31T01:03:59.567+06:00","source":{"id":"0","name":"eventBus"}}
{"__type":"$$EventMessageAudit","id":"6aac12fb-fd3d-4c9c-9041-defdc3a9ac42","ts":"2026-03-29T02:55:28.080+06:00","eventName":"n8n.audit.workflow.executed","message":"n8n.audit.workflow.executed","payload":{"userId":"4b5609c6-d785-4504-851a-2ea1eacf4e11","_email":"asif.kravmaga@gmail.com","_firstName":"Asif","_lastName":"Newaz","globalRole":"global:owner","workflowId":"HXotI9xUFtXn6sbx","workflowName":"My workflow","executionId":"4","source":"user-manual"}}
{"__type":"$$EventMessageConfirm","confirm":"6aac12fb-fd3d-4c9c-9041-defdc3a9ac42","ts":"2026-03-31T01:03:59.567+06:00","source":{"id":"0","name":"eventBus"}}
{"__type":"$$EventMessageNode","id":"a181da20-8c4d-40a3-8066-02ac7cca7737","ts":"2026-03-29T02:55:28.080+06:00","eventName":"n8n.node.started","message":"n8n.node.started","payload":{"workflowId":"HXotI9xUFtXn6sbx","workflowName":"My workflow","executionId":"4","nodeType":"n8n-nodes-base.limit","nodeName":"Limit","nodeId":"97771191-c6c5-4423-8bee-b64c3a0afd18"}}
{"__type":"$$EventMessageConfirm","confirm":"a181da20-8c4d-40a3-8066-02ac7cca7737","ts":"2026-03-31T01:03:59.567+06:00","source":{"id":"0","name":"eventBus"}}
{"__type":"$$EventMessageNode","id":"23b2df29-89a1-478d-aa0b-060cac5c9590","ts":"2026-03-29T02:55:28.081+06:00","eventName":"n8n.node.finished","message":"n8n.node.finished","payload":{"workflowId":"HXotI9xUFtXn6sbx","workflowName":"My workflow","executionId":"4","nodeType":"n8n-nodes-base.limit","nodeName":"Limit","nodeId":"97771191-c6c5-4423-8bee-b64c3a0afd18"}}
{"__type":"$$EventMessageConfirm","confirm":"23b2df29-89a1-478d-aa0b-060cac5c9590","ts":"2026-03-31T01:03:59.567+06:00","source":{"id":"0","name":"eventBus"}}
{"__type":"$$EventMessageWorkflow","id":"74bf21fe-05fb-4fce-a888-8fab3369d1d9","ts":"2026-03-29T02:55:28.083+06:00","eventName":"n8n.workflow.success","message":"n8n.workflow.success","payload":{"userId":"4b5609c6-d785-4504-851a-2ea1eacf4e11","executionId":"4","success":true,"isManual":true,"mode":"manual","workflowId":"HXotI9xUFtXn6sbx","workflowName":"My workflow"}}
{"__type":"$$EventMessageConfirm","confirm":"74bf21fe-05fb-4fce-a888-8fab3369d1d9","ts":"2026-03-31T01:03:59.567+06:00","source":{"id":"0","name":"eventBus"}}
{"__type":"$$EventMessageAudit","id":"74f14d40-2b37-4f30-8b2f-0c6ac14e9574","ts":"2026-03-29T02:55:38.232+06:00","eventName":"n8n.audit.workflow.updated","message":"n8n.audit.workflow.updated","payload":{"userId":"4b5609c6-d785-4504-851a-2ea1eacf4e11","_email":"asif.kravmaga@gmail.com","_firstName":"Asif","_lastName":"Newaz","globalRole":"global:owner","workflowId":"HXotI9xUFtXn6sbx","workflowName":"My workflow"}}
{"__type":"$$EventMessageConfirm","confirm":"74f14d40-2b37-4f30-8b2f-0c6ac14e9574","ts":"2026-03-31T01:03:59.567+06:00","source":{"id":"0","name":"eventBus"}}
{"__type":"$$EventMessageAudit","id":"446f60ed-d6f3-413d-9c6b-dfc9a564df81","ts":"2026-03-29T02:55:44.352+06:00","eventName":"n8n.audit.workflow.updated","message":"n8n.audit.workflow.updated","payload":{"userId":"4b5609c6-d785-4504-851a-2ea1eacf4e11","_email":"asif.kravmaga@gmail.com","_firstName":"Asif","_lastName":"Newaz","globalRole":"global:owner","workflowId":"HXotI9xUFtXn6sbx","workflowName":"My workflow"}}
{"__type":"$$EventMessageConfirm","confirm":"446f60ed-d6f3-413d-9c6b-dfc9a564df81","ts":"2026-03-31T01:03:59.567+06:00","source":{"id":"0","name":"eventBus"}}
{"__type":"$$EventMessageAudit","id":"8d10e6ed-dbc9-4d71-a03d-3181f2c20684","ts":"2026-03-29T02:55:52.117+06:00","eventName":"n8n.audit.workflow.updated","message":"n8n.audit.workflow.updated","payload":{"userId":"4b5609c6-d785-4504-851a-2ea1eacf4e11","_email":"asif.kravmaga@gmail.com","_firstName":"Asif","_lastName":"Newaz","globalRole":"global:owner","workflowId":"HXotI9xUFtXn6sbx","workflowName":"My workflow"}}
{"__type":"$$EventMessageConfirm","confirm":"8d10e6ed-dbc9-4d71-a03d-3181f2c20684","ts":"2026-03-31T01:03:59.567+06:00","source":{"id":"0","name":"eventBus"}}
{"__type":"$$EventMessageAudit","id":"b457e244-8538-47f5-896c-6c682007adec","ts":"2026-03-29T02:55:54.231+06:00","eventName":"n8n.audit.workflow.updated","message":"n8n.audit.workflow.updated","payload":{"userId":"4b5609c6-d785-4504-851a-2ea1eacf4e11","_email":"asif.kravmaga@gmail.com","_firstName":"Asif","_lastName":"Newaz","globalRole":"global:owner","workflowId":"HXotI9xUFtXn6sbx","workflowName":"My workflow"}}
{"__type":"$$EventMessageConfirm","confirm":"b457e244-8538-47f5-896c-6c682007adec","ts":"2026-03-31T01:03:59.567+06:00","source":{"id":"0","name":"eventBus"}}
{"__type":"$$EventMessageAudit","id":"eaeb27cc-3237-4cc0-8e31-005a4fdea61d","ts":"2026-03-31T01:18:23.119+06:00","eventName":"n8n.audit.workflow.created","message":"n8n.audit.workflow.created","payload":{"userId":"4b5609c6-d785-4504-851a-2ea1eacf4e11","_email":"asif.kravmaga@gmail.com","_firstName":"Asif","_lastName":"Newaz","globalRole":"global:owner","workflowId":"VZEvtg2vuLRRxmcZ","workflowName":"My workflow 2"}}
{"__type":"$$EventMessageConfirm","confirm":"eaeb27cc-3237-4cc0-8e31-005a4fdea61d","ts":"2026-03-31T01:18:23.119+06:00","source":{"id":"0","name":"eventBus"}}
{"__type":"$$EventMessageAudit","id":"5d43c9d8-db0e-42e0-8a21-51e8f41ff583","ts":"2026-03-31T02:44:34.018+06:00","eventName":"n8n.audit.workflow.updated","message":"n8n.audit.workflow.updated","payload":{"userId":"4b5609c6-d785-4504-851a-2ea1eacf4e11","_email":"asif.kravmaga@gmail.com","_firstName":"Asif","_lastName":"Newaz","globalRole":"global:owner","workflowId":"VZEvtg2vuLRRxmcZ","workflowName":"My workflow 2"}}
{"__type":"$$EventMessageConfirm","confirm":"5d43c9d8-db0e-42e0-8a21-51e8f41ff583","ts":"2026-03-31T02:44:34.018+06:00","source":{"id":"0","name":"eventBus"}}
{"__type":"$$EventMessageAudit","id":"201398f3-d73c-4d28-a7d4-655038b1df89","ts":"2026-03-31T02:44:43.122+06:00","eventName":"n8n.audit.workflow.updated","message":"n8n.audit.workflow.updated","payload":{"userId":"4b5609c6-d785-4504-851a-2ea1eacf4e11","_email":"asif.kravmaga@gmail.com","_firstName":"Asif","_lastName":"Newaz","globalRole":"global:owner","workflowId":"VZEvtg2vuLRRxmcZ","workflowName":"My workflow 2"}}
{"__type":"$$EventMessageConfirm","confirm":"201398f3-d73c-4d28-a7d4-655038b1df89","ts":"2026-03-31T02:44:43.122+06:00","source":{"id":"0","name":"eventBus"}}
